// Jest Snapshot v1, https://goo.gl/fbAQLP

exports[`Prueba en <GifItem /> debe de hacer el match en el snapshot 1`] = `
<div>
  <div
    class="card"
  >
    <img
      alt="Saitama"
      src="https://one-punch-man/saitama"
    />
    <p>
      Saitama
    </p>
  </div>
</div>
`;
